▿ Weather
  - airPressure: Optional<Double>.none
  - applicableDate: "2013-04-27"
  ▿ created: Optional<Date>
    - some: 2013-04-27T22:52:57Z
  ▿ humidity: Optional<Int>
    - some: 74
  - id: 366945
  ▿ maxTemp: Optional<Double>
    - some: 10.01
  ▿ minTemp: Optional<Double>
    - some: 3.07
  ▿ predictability: Optional<Int>
    - some: 75
  - state: State.lightRain
  - theTemp: Optional<Double>.none
  ▿ visibility: Optional<Double>
    - some: 9.997862483098704
  - weatherStateAbbr: "lr"
  ▿ windDirection: Optional<Double>
    - some: 358.0
  - windDirectionCompass: "N"
  ▿ windSpeed: Optional<Double>
    - some: 9.85
